\BOOKMARK [1][-]{section.1}{\376\377\000L\000e\000a\000s\000t\000\040\000s\000q\000u\000a\000r\000e\000s\000\040\000a\000s\000\040\000a\000\040\000s\000t\000a\000t\000i\000s\000t\000i\000c\000a\000l\000\040\000m\000o\000d\000e\000l}{}% 1
\BOOKMARK [2][-]{subsection.1.1}{\376\377\000F\000r\000o\000m\000\040\000g\000e\000o\000m\000e\000t\000r\000y\000\040\000t\000o\000\040\000i\000n\000f\000e\000r\000e\000n\000c\000e}{section.1}% 2
\BOOKMARK [2][-]{subsection.1.2}{\376\377\000T\000h\000e\000\040\000c\000h\000i\000-\000s\000q\000u\000a\000r\000e\000d\000\040\000d\000i\000s\000t\000r\000i\000b\000u\000t\000i\000o\000n\000\040\000a\000n\000d\000\040\000c\000o\000n\000f\000i\000d\000e\000n\000c\000e\000\040\000s\000e\000t\000s}{section.1}% 3
\BOOKMARK [2][-]{subsection.1.3}{\376\377\000G\000a\000u\000s\000s\040\023\000M\000a\000r\000k\000o\000v\000,\000\040\000a\000n\000d\000\040\000w\000h\000y\000\040\000i\000t\000\040\000i\000s\000\040\000w\000e\000a\000k\000\040\000c\000o\000m\000f\000o\000r\000t}{section.1}% 4
\BOOKMARK [2][-]{subsection.1.4}{\376\377\000O\000r\000t\000h\000o\000g\000o\000n\000a\000l\000i\000z\000a\000t\000i\000o\000n\000:\000\040\000w\000h\000a\000t\000\040\000a\000\040\000m\000u\000l\000t\000i\000p\000l\000e\000-\000r\000e\000g\000r\000e\000s\000s\000i\000o\000n\000\040\000c\000o\000e\000f\000f\000i\000c\000i\000e\000n\000t\000\040\000m\000e\000a\000n\000s}{section.1}% 5
\BOOKMARK [1][-]{section.2}{\376\377\000S\000h\000r\000i\000n\000k\000a\000g\000e\000\040\000I\000:\000\040\000r\000i\000d\000g\000e\000\040\000r\000e\000g\000r\000e\000s\000s\000i\000o\000n}{}% 6
\BOOKMARK [1][-]{section.3}{\376\377\000T\000h\000e\000\040\000c\000o\000n\000s\000t\000r\000a\000i\000n\000e\000d\000-\000o\000p\000t\000i\000m\000i\000z\000a\000t\000i\000o\000n\000\040\000t\000o\000o\000l\000k\000i\000t\000:\000\040\000K\000K\000T\000\040\000a\000n\000d\000\040\000s\000u\000b\000g\000r\000a\000d\000i\000e\000n\000t\000s}{}% 7
\BOOKMARK [2][-]{subsection.3.1}{\376\377\000L\000a\000g\000r\000a\000n\000g\000e\000\040\000m\000u\000l\000t\000i\000p\000l\000i\000e\000r\000s\000\040\000w\000i\000t\000h\000\040\000i\000n\000e\000q\000u\000a\000l\000i\000t\000y\000\040\000c\000o\000n\000s\000t\000r\000a\000i\000n\000t\000s}{section.3}% 8
\BOOKMARK [2][-]{subsection.3.2}{\376\377\000S\000u\000b\000g\000r\000a\000d\000i\000e\000n\000t\000s\000:\000\040\000d\000i\000f\000f\000e\000r\000e\000n\000t\000i\000a\000t\000i\000n\000g\000\040\000t\000h\000e\000\040\000a\000b\000s\000o\000l\000u\000t\000e\000\040\000v\000a\000l\000u\000e}{section.3}% 9
\BOOKMARK [1][-]{section.4}{\376\377\000S\000h\000r\000i\000n\000k\000a\000g\000e\000\040\000I\000I\000:\000\040\000t\000h\000e\000\040\000l\000a\000s\000s\000o}{}% 10
\BOOKMARK [2][-]{subsection.4.1}{\376\377\000T\000h\000e\000\040\000e\000s\000t\000i\000m\000a\000t\000o\000r\000\040\000a\000n\000d\000\040\000i\000t\000s\000\040\000g\000e\000o\000m\000e\000t\000r\000y}{section.4}% 11
\BOOKMARK [2][-]{subsection.4.2}{\376\377\000C\000o\000o\000r\000d\000i\000n\000a\000t\000e\000\040\000d\000e\000s\000c\000e\000n\000t\000\040\000a\000n\000d\000\040\000t\000h\000e\000\040\000s\000o\000l\000u\000t\000i\000o\000n\000\040\000p\000a\000t\000h}{section.4}% 12
\BOOKMARK [1][-]{section.5}{\376\377\000R\000e\000g\000u\000l\000a\000r\000i\000z\000a\000t\000i\000o\000n\000\040\000a\000s\000\040\000a\000\040\000B\000a\000y\000e\000s\000i\000a\000n\000\040\000p\000r\000i\000o\000r}{}% 13
\BOOKMARK [1][-]{section.6}{\376\377\000F\000r\000o\000m\000\040\000r\000e\000g\000r\000e\000s\000s\000i\000o\000n\000\040\000t\000o\000\040\000c\000l\000a\000s\000s\000i\000f\000i\000c\000a\000t\000i\000o\000n}{}% 14
\BOOKMARK [1][-]{section.7}{\376\377\000L\000i\000n\000e\000a\000r\000\040\000d\000i\000s\000c\000r\000i\000m\000i\000n\000a\000n\000t\000\040\000a\000n\000a\000l\000y\000s\000i\000s\000:\000\040\000t\000h\000e\000\040\000g\000e\000n\000e\000r\000a\000t\000i\000v\000e\000\040\000r\000o\000u\000t\000e}{}% 15
\BOOKMARK [2][-]{subsection.7.1}{\376\377\000G\000a\000u\000s\000s\000i\000a\000n\000\040\000c\000l\000a\000s\000s\000-\000c\000o\000n\000d\000i\000t\000i\000o\000n\000a\000l\000s\000\040\000w\000i\000t\000h\000\040\000a\000\040\000s\000h\000a\000r\000e\000d\000\040\000c\000o\000v\000a\000r\000i\000a\000n\000c\000e}{section.7}% 16
\BOOKMARK [2][-]{subsection.7.2}{\376\377\000G\000e\000n\000e\000r\000a\000t\000i\000v\000e\000\040\000v\000e\000r\000s\000u\000s\000\040\000d\000i\000s\000c\000r\000i\000m\000i\000n\000a\000t\000i\000v\000e}{section.7}% 17
\BOOKMARK [1][-]{section.8}{\376\377\000L\000o\000g\000i\000s\000t\000i\000c\000\040\000a\000n\000d\000\040\000s\000o\000f\000t\000m\000a\000x\000\040\000r\000e\000g\000r\000e\000s\000s\000i\000o\000n\000:\000\040\000t\000h\000e\000\040\000d\000i\000s\000c\000r\000i\000m\000i\000n\000a\000t\000i\000v\000e\000\040\000r\000o\000u\000t\000e}{}% 18
\BOOKMARK [2][-]{subsection.8.1}{\376\377\000T\000h\000e\000\040\000b\000i\000n\000a\000r\000y\000\040\000m\000o\000d\000e\000l\000,\000\040\000i\000t\000s\000\040\000g\000r\000a\000d\000i\000e\000n\000t\000,\000\040\000i\000t\000s\000\040\000H\000e\000s\000s\000i\000a\000n}{section.8}% 19
\BOOKMARK [2][-]{subsection.8.2}{\376\377\000N\000e\000w\000t\000o\000n\000'\000s\000\040\000m\000e\000t\000h\000o\000d\000\040\000i\000s\000\040\000i\000t\000e\000r\000a\000t\000i\000v\000e\000l\000y\000\040\000r\000e\000w\000e\000i\000g\000h\000t\000e\000d\000\040\000l\000e\000a\000s\000t\000\040\000s\000q\000u\000a\000r\000e\000s}{section.8}% 20
\BOOKMARK [2][-]{subsection.8.3}{\376\377\000S\000e\000p\000a\000r\000a\000t\000i\000o\000n\000:\000\040\000w\000h\000e\000n\000\040\000t\000h\000e\000\040\000M\000L\000E\000\040\000r\000u\000n\000s\000\040\000a\000w\000a\000y}{section.8}% 21
\BOOKMARK [2][-]{subsection.8.4}{\376\377\000S\000o\000f\000t\000m\000a\000x\000\040\000r\000e\000g\000r\000e\000s\000s\000i\000o\000n\000:\000\040\000K\000\040\000c\000l\000a\000s\000s\000e\000s}{section.8}% 22
\BOOKMARK [1][-]{section.9}{\376\377\000C\000a\000l\000i\000b\000r\000a\000t\000i\000o\000n\000:\000\040\000p\000r\000o\000b\000a\000b\000i\000l\000i\000t\000i\000e\000s\000\040\000y\000o\000u\000\040\000c\000a\000n\000\040\000a\000c\000t\000\040\000o\000n}{}% 23
\BOOKMARK [1][-]{section.10}{\376\377\000C\000a\000p\000s\000t\000o\000n\000e\000:\000\040\000t\000h\000e\000\040\000N\000E\000C\000\040\000g\000a\000t\000e\000,\000\040\000a\000s\000s\000e\000m\000b\000l\000e\000d}{}% 24
\BOOKMARK [1][-]{section.11}{\376\377\000E\000x\000e\000r\000c\000i\000s\000e\000s}{}% 25
\BOOKMARK [1][-]{section*.12}{\376\377\000S\000o\000u\000r\000c\000e\000\040\000m\000a\000p\000\040\000a\000n\000d\000\040\000w\000h\000a\000t\000\040\000c\000o\000m\000e\000s\000\040\000n\000e\000x\000t}{}% 26
